ubuntu@Ubuntu-GUI:~$ export GITHUB_USERNAME=KhotAbuch
ubuntu@Ubuntu-GUI:~$ alias gsed=sed
ubuntu@Ubuntu-GUI:~$ cd ${GITHUB_USERNAME}/workspace
ubuntu@Ubuntu-GUI:~/KhotAbuch/workspace$ pushd .
~/KhotAbuch/workspace ~/KhotAbuch/workspace
ubuntu@Ubuntu-GUI:~/KhotAbuch/workspace$ source scripts/activate
ubuntu@Ubuntu-GUI:~/KhotAbuch/workspace$ git clone https://github.com/${GITHUB_USERNAME}/lab04 projects/lab05
Cloning into 'projects/lab05'...
remote: Enumerating objects: 28, done.
remote: Counting objects: 100% (28/28), done.
remote: Compressing objects: 100% (23/23), done.
remote: Total 28 (delta 6), reused 21 (delta 3), pack-reused 0 (from 0)
Receiving objects: 100% (28/28), 22.62 KiB | 551.00 KiB/s, done.
Resolving deltas: 100% (6/6), done.
ubuntu@Ubuntu-GUI:~/KhotAbuch/workspace$ cd projects/lab05
ubuntu@Ubuntu-GUI:~/KhotAbuch/workspace/projects/lab05$ git remote remove origin
ubuntu@Ubuntu-GUI:~/KhotAbuch/workspace/projects/lab05$ git remote add origin https://github.com/${GITHUB_USERNAME}/lab05
ubuntu@Ubuntu-GUI:~/KhotAbuch/workspace/projects/lab05$  mkdir third-party
ubuntu@Ubuntu-GUI:~/KhotAbuch/workspace/projects/lab05$ git submodule add https://github.com/google/googletest third-party/gtest
Cloning into '/home/ubuntu/KhotAbuch/workspace/projects/lab05/third-party/gtest'...
remote: Enumerating objects: 28129, done.
remote: Counting objects: 100% (368/368), done.
remote: Compressing objects: 100% (230/230), done.
remote: Total 28129 (delta 250), reused 139 (delta 138), pack-reused 27761 (from 2)
Receiving objects: 100% (28129/28129), 13.44 MiB | 22.49 MiB/s, done.
Resolving deltas: 100% (20849/20849), done.
ubuntu@Ubuntu-GUI:~/KhotAbuch/workspace/projects/lab05$ cd third-party/gtest && git checkout release-1.8.1 && cd ../..
Note: switching to 'release-1.8.1'.

You are in 'detached HEAD' state. You can look around, make experimental
changes and commit them, and you can discard any commits you make in this
state without impacting any branches by switching back to a branch.

If you want to create a new branch to retain commits you create, you may
do so (now or later) by using -c with the switch command. Example:

  git switch -c <new-branch-name>

Or undo this operation with:

  git switch -

Turn off this advice by setting config variable advice.detachedHead to false

HEAD is now at 2fe3bd99 Merge pull request #1433 from dsacre/fix-clang-warnings
ubuntu@Ubuntu-GUI:~/KhotAbuch/workspace/projects/lab05$ git add third-party/gtest
ubuntu@Ubuntu-GUI:~/KhotAbuch/workspace/projects/lab05$ git commit -m"added gtest framework"
[main c4a87e7] added gtest framework
 2 files changed, 4 insertions(+)
 create mode 100644 .gitmodules
 create mode 160000 third-party/gtest
ubuntu@Ubuntu-GUI:~/KhotAbuch/workspace/projects/lab05$ gsed -i '/option(BUILD_EXAMPLES "Build examples" OFF)/a\
option(BUILD_TESTS "Build tests" OFF)
' CMakeLists.txt
ubuntu@Ubuntu-GUI:~/KhotAbuch/workspace/projects/lab05$ cat >> CMakeLists.txt <<EOF

if(BUILD_TESTS)
  enable_testing()
  add_subdirectory(third-party/gtest)
  file(GLOB \${PROJECT_NAME}_TEST_SOURCES tests/*.cpp)
  add_executable(check \${\${PROJECT_NAME}_TEST_SOURCES})
  target_link_libraries(check \${PROJECT_NAME} gtest_main)
  add_test(NAME check COMMAND check)
endif()
EOF
ubuntu@Ubuntu-GUI:~/KhotAbuch/workspace/projects/lab05$ mkdir tests
ubuntu@Ubuntu-GUI:~/KhotAbuch/workspace/projects/lab05$ cat > tests/test1.cpp <<EOF
#include <print.hpp>

#include <gtest/gtest.h>

TEST(Print, InFileStream)
{
  std::string filepath = "file.txt";
  std::string text = "hello";
  std::ofstream out{filepath};

  print(text, out);
  out.close();

  std::string result;
  std::ifstream in{filepath};
  in >> result;

  EXPECT_EQ(result, text);
}
EOF
ubuntu@Ubuntu-GUI:~/KhotAbuch/workspace/projects/lab05$ cmake -H. -B_build -DBUILD_TESTS=ON
CMake Deprecation Warning at CMakeLists.txt:1 (cmake_minimum_required):
  Compatibility with CMake < 3.5 will be removed from a future version of
  CMake.

  Update the VERSION argument <min> value or use a ...<max> suffix to tell
  CMake that the project does not need compatibility with older versions.


-- The C compiler identification is GNU 13.3.0
-- The CXX compiler identification is GNU 13.3.0
-- Detecting C compiler ABI info
-- Detecting C compiler ABI info - done
-- Check for working C compiler: /usr/bin/cc - skipped
-- Detecting C compile features
-- Detecting C compile features - done
-- Detecting CXX compiler ABI info
-- Detecting CXX compiler ABI info - done
-- Check for working CXX compiler: /usr/bin/c++ - skipped
-- Detecting CXX compile features
-- Detecting CXX compile features - done
CMake Deprecation Warning at third-party/gtest/CMakeLists.txt:1 (cmake_minimum_required):
  Compatibility with CMake < 3.5 will be removed from a future version of
  CMake.

  Update the VERSION argument <min> value or use a ...<max> suffix to tell
  CMake that the project does not need compatibility with older versions.


CMake Deprecation Warning at third-party/gtest/googlemock/CMakeLists.txt:42 (cmake_minimum_required):
  Compatibility with CMake < 3.5 will be removed from a future version of
  CMake.

  Update the VERSION argument <min> value or use a ...<max> suffix to tell
  CMake that the project does not need compatibility with older versions.


CMake Deprecation Warning at third-party/gtest/googletest/CMakeLists.txt:49 (cmake_minimum_required):
  Compatibility with CMake < 3.5 will be removed from a future version of
  CMake.

  Update the VERSION argument <min> value or use a ...<max> suffix to tell
  CMake that the project does not need compatibility with older versions.


CMake Warning (dev) at third-party/gtest/googletest/cmake/internal_utils.cmake:239 (find_package):
  Policy CMP0148 is not set: The FindPythonInterp and FindPythonLibs modules
  are removed.  Run "cmake --help-policy CMP0148" for policy details.  Use
  the cmake_policy command to set the policy and suppress this warning.

Call Stack (most recent call first):
  third-party/gtest/googletest/CMakeLists.txt:84 (include)
This warning is for project developers.  Use -Wno-dev to suppress it.

-- Found PythonInterp: /usr/bin/python3 (found version "3.12.3") 
-- Performing Test CMAKE_HAVE_LIBC_PTHREAD
-- Performing Test CMAKE_HAVE_LIBC_PTHREAD - Success
-- Found Threads: TRUE  
-- Configuring done (0.3s)
CMake Error at CMakeLists.txt:11 (add_library):
  Cannot find source file:

    /home/ubuntu/KhotAbuch/workspace/projects/lab05/sources/print.cpp

  Tried extensions .c .C .c++ .cc .cpp .cxx .cu .mpp .m .M .mm .ixx .cppm
  .ccm .cxxm .c++m .h .hh .h++ .hm .hpp .hxx .in .txx .f .F .for .f77 .f90
  .f95 .f03 .hip .ispc


CMake Error at CMakeLists.txt:11 (add_library):
  No SOURCES given to target: print


CMake Generate step failed.  Build files cannot be regenerated correctly.
ubuntu@Ubuntu-GUI:~/KhotAbuch/workspace/projects/lab05$ ls
_build  CMakeLists.txt  lab02.txt  lab03.txt  lab04.txt  README.md  tests  third-party
ubuntu@Ubuntu-GUI:~/KhotAbuch/workspace/projects/lab05$ cd tests
ubuntu@Ubuntu-GUI:~/KhotAbuch/workspace/projects/lab05/tests$ ls
test1.cpp
ubuntu@Ubuntu-GUI:~/KhotAbuch/workspace/projects/lab05/tests$ nano test1.cpp
ubuntu@Ubuntu-GUI:~/KhotAbuch/workspace/projects/lab05/tests$ mkdir -p sources
ubuntu@Ubuntu-GUI:~/KhotAbuch/workspace/projects/lab05/tests$ mkdir -p include
ubuntu@Ubuntu-GUI:~/KhotAbuch/workspace/projects/lab05/tests$ cat > include/print.hpp <<'EOF'
#pragma once
#include <iostream>
#include <fstream>
#include <string>

void print(const std::string& text, std::ostream& out = std::cout);
void print(const std::string& text, const std::string& filename);
EOF
ubuntu@Ubuntu-GUI:~/KhotAbuch/workspace/projects/lab05/tests$ cat > sources/print.cpp <<'EOF'
#include "print.hpp"

void print(const std::string& text, std::ostream& out) {
    out << text;
}

void print(const std::string& text, const std::string& filename) {
    std::ofstream out(filename);
    print(text, out);
}
EOF
ubuntu@Ubuntu-GUI:~/KhotAbuch/workspace/projects/lab05/tests$ cmake -H. -B_build -DBUILD_TESTS=ON
CMake Error: The source directory "/home/ubuntu/KhotAbuch/workspace/projects/lab05/tests" does not appear to contain CMakeLists.txt.
Specify --help for usage, or press the help button on the CMake GUI.
ubuntu@Ubuntu-GUI:~/KhotAbuch/workspace/projects/lab05/tests$ ls
include  sources  test1.cpp
ubuntu@Ubuntu-GUI:~/KhotAbuch/workspace/projects/lab05/tests$ cd ~/KhotAbuch/workspace/projects/lab05
ubuntu@Ubuntu-GUI:~/KhotAbuch/workspace/projects/lab05$ mv tests/include .
ubuntu@Ubuntu-GUI:~/KhotAbuch/workspace/projects/lab05$ mv tests/sources .
ubuntu@Ubuntu-GUI:~/KhotAbuch/workspace/projects/lab05$ cmake -H. -B_build -DBUILD_TESTS=ON
CMake Deprecation Warning at CMakeLists.txt:1 (cmake_minimum_required):
  Compatibility with CMake < 3.5 will be removed from a future version of
  CMake.

  Update the VERSION argument <min> value or use a ...<max> suffix to tell
  CMake that the project does not need compatibility with older versions.


CMake Deprecation Warning at third-party/gtest/CMakeLists.txt:1 (cmake_minimum_required):
  Compatibility with CMake < 3.5 will be removed from a future version of
  CMake.

  Update the VERSION argument <min> value or use a ...<max> suffix to tell
  CMake that the project does not need compatibility with older versions.


CMake Deprecation Warning at third-party/gtest/googlemock/CMakeLists.txt:42 (cmake_minimum_required):
  Compatibility with CMake < 3.5 will be removed from a future version of
  CMake.

  Update the VERSION argument <min> value or use a ...<max> suffix to tell
  CMake that the project does not need compatibility with older versions.


CMake Deprecation Warning at third-party/gtest/googletest/CMakeLists.txt:49 (cmake_minimum_required):
  Compatibility with CMake < 3.5 will be removed from a future version of
  CMake.

  Update the VERSION argument <min> value or use a ...<max> suffix to tell
  CMake that the project does not need compatibility with older versions.


CMake Warning (dev) at third-party/gtest/googletest/cmake/internal_utils.cmake:239 (find_package):
  Policy CMP0148 is not set: The FindPythonInterp and FindPythonLibs modules
  are removed.  Run "cmake --help-policy CMP0148" for policy details.  Use
  the cmake_policy command to set the policy and suppress this warning.

Call Stack (most recent call first):
  third-party/gtest/googletest/CMakeLists.txt:84 (include)
This warning is for project developers.  Use -Wno-dev to suppress it.

-- Configuring done (0.0s)
-- Generating done (0.0s)
-- Build files have been written to: /home/ubuntu/KhotAbuch/workspace/projects/lab05/_build
ubuntu@Ubuntu-GUI:~/KhotAbuch/workspace/projects/lab05$ cmake --build _build
[  8%] Building CXX object CMakeFiles/print.dir/sources/print.cpp.o
[ 16%] Linking CXX static library libprint.a
[ 16%] Built target print
[ 25%] Building CXX object third-party/gtest/googlemock/gtest/CMakeFiles/gtest.dir/src/gtest-all.cc.o
In file included from /home/ubuntu/KhotAbuch/workspace/projects/lab05/third-party/gtest/googletest/src/gtest-all.cc:42:
/home/ubuntu/KhotAbuch/workspace/projects/lab05/third-party/gtest/googletest/src/gtest-death-test.cc: In function bool testing::internal::StackGrowsDown()’:
/home/ubuntu/KhotAbuch/workspace/projects/lab05/third-party/gtest/googletest/src/gtest-death-test.cc:1224:24: error: ‘dummy’ may be used uninitialized [-Werror=maybe-uninitialized]
 1224 |   StackLowerThanAddress(&dummy, &result);
      |   ~~~~~~~~~~~~~~~~~~~~~^~~~~~~~~~~~~~~~~
/home/ubuntu/KhotAbuch/workspace/projects/lab05/third-party/gtest/googletest/src/gtest-death-test.cc:1214:13: note: by argument 1 of type ‘const void*’ to ‘void testing::internal::StackLowerThanAddress(const void*, bool*)’ declared here
 1214 | static void StackLowerThanAddress(const void* ptr, bool* result) {
      |             ^~~~~~~~~~~~~~~~~~~~~
/home/ubuntu/KhotAbuch/workspace/projects/lab05/third-party/gtest/googletest/src/gtest-death-test.cc:1222:7: note:‘dummy’ declared here
 1222 |   int dummy;
      |       ^~~~~
cc1plus: all warnings being treated as errors
gmake[2]: *** [third-party/gtest/googlemock/gtest/CMakeFiles/gtest.dir/build.make:76: third-party/gtest/googlemock/gtest/CMakeFiles/gtest.dir/src/gtest-all.cc.o] Error 1
gmake[1]: *** [CMakeFiles/Makefile2:245: third-party/gtest/googlemock/gtest/CMakeFiles/gtest.dir/all] Error 2
gmake: *** [Makefile:146: all] Error 2
ubuntu@Ubuntu-GUI:~/KhotAbuch/workspace/projects/lab05$ rm -rf third-party/gtest
ubuntu@Ubuntu-GUI:~/KhotAbuch/workspace/projects/lab05$ git clone https://github.com/google/googletest.git third-party/gtest
Cloning into 'third-party/gtest'...
remote: Enumerating objects: 28129, done.
remote: Counting objects: 100% (368/368), done.
remote: Compressing objects: 100% (230/230), done.
remote: Total 28129 (delta 250), reused 139 (delta 138), pack-reused 27761 (from 2)
Receiving objects: 100% (28129/28129), 13.44 MiB | 18.42 MiB/s, done.
Resolving deltas: 100% (20839/20839), done.
ubuntu@Ubuntu-GUI:~/KhotAbuch/workspace/projects/lab05$ cmake -H. -B_build -DBUILD_TESTS=ON
CMake Deprecation Warning at CMakeLists.txt:1 (cmake_minimum_required):
  Compatibility with CMake < 3.5 will be removed from a future version of
  CMake.

  Update the VERSION argument <min> value or use a ...<max> suffix to tell
  CMake that the project does not need compatibility with older versions.


-- Configuring done (0.0s)
-- Generating done (0.0s)
-- Build files have been written to: /home/ubuntu/KhotAbuch/workspace/projects/lab05/_build
ubuntu@Ubuntu-GUI:~/KhotAbuch/workspace/projects/lab05$ cmake --build _build
[ 16%] Built target print
[ 25%] Building CXX object third-party/gtest/googletest/CMakeFiles/gtest.dir/src/gtest-all.cc.o
[ 33%] Linking CXX static library ../../../lib/libgtest.a
[ 33%] Built target gtest
[ 41%] Building CXX object third-party/gtest/googletest/CMakeFiles/gtest_main.dir/src/gtest_main.cc.o
[ 50%] Linking CXX static library ../../../lib/libgtest_main.a
[ 50%] Built target gtest_main
[ 58%] Building CXX object CMakeFiles/check.dir/tests/test1.cpp.o
[ 66%] Linking CXX executable check
[ 66%] Built target check
[ 75%] Building CXX object third-party/gtest/googlemock/CMakeFiles/gmock.dir/src/gmock-all.cc.o
[ 83%] Linking CXX static library ../../../lib/libgmock.a
[ 83%] Built target gmock
[ 91%] Building CXX object third-party/gtest/googlemock/CMakeFiles/gmock_main.dir/src/gmock_main.cc.o
[100%] Linking CXX static library ../../../lib/libgmock_main.a
[100%] Built target gmock_main
ubuntu@Ubuntu-GUI:~/KhotAbuch/workspace/projects/lab05$ cmake --build _build --target test
Running tests...
Test project /home/ubuntu/KhotAbuch/workspace/projects/lab05/_build
    Start 1: check
1/1 Test #1: check ............................   Passed    0.00 sec

100% tests passed, 0 tests failed out of 1

Total Test time (real) =   0.00 sec
ubuntu@Ubuntu-GUI:~/KhotAbuch/workspace/projects/lab05$ _build/check
Running main() from /home/ubuntu/KhotAbuch/workspace/projects/lab05/third-party/gtest/googletest/src/gtest_main.cc
[==========] Running 1 test from 1 test suite.
[----------] Global test environment set-up.
[----------] 1 test from Print
[ RUN      ] Print.InFileStream
[       OK ] Print.InFileStream (0 ms)
[----------] 1 test from Print (0 ms total)

[----------] Global test environment tear-down
[==========] 1 test from 1 test suite ran. (1 ms total)
[  PASSED  ] 1 test.
ubuntu@Ubuntu-GUI:~/KhotAbuch/workspace/projects/lab05$ cmake --build _build --target test -- ARGS=--verbose
Running tests...
UpdateCTestConfiguration  from :/home/ubuntu/KhotAbuch/workspace/projects/lab05/_build/DartConfiguration.tcl
UpdateCTestConfiguration  from :/home/ubuntu/KhotAbuch/workspace/projects/lab05/_build/DartConfiguration.tcl
Test project /home/ubuntu/KhotAbuch/workspace/projects/lab05/_build
Constructing a list of tests
Done constructing a list of tests
Updating test list for fixtures
Added 0 tests to meet fixture requirements
Checking test dependency graph...
Checking test dependency graph end
test 1
    Start 1: check

1: Test command: /home/ubuntu/KhotAbuch/workspace/projects/lab05/_build/check
1: Working Directory: /home/ubuntu/KhotAbuch/workspace/projects/lab05/_build
1: Test timeout computed to be: 10000000
1: Running main() from /home/ubuntu/KhotAbuch/workspace/projects/lab05/third-party/gtest/googletest/src/gtest_main.cc
1: [==========] Running 1 test from 1 test suite.
1: [----------] Global test environment set-up.
1: [----------] 1 test from Print
1: [ RUN      ] Print.InFileStream
1: [       OK ] Print.InFileStream (0 ms)
1: [----------] 1 test from Print (0 ms total)
1: 
1: [----------] Global test environment tear-down
1: [==========] 1 test from 1 test suite ran. (0 ms total)
1: [  PASSED  ] 1 test.
1/1 Test #1: check ............................   Passed    0.00 sec

100% tests passed, 0 tests failed out of 1

Total Test time (real) =   0.00 sec
ubuntu@Ubuntu-GUI:~/KhotAbuch/workspace/projects/lab05$ gsed -i 's/lab04/lab05/g' README.md
ubuntu@Ubuntu-GUI:~/KhotAbuch/workspace/projects/lab05$ gsed -i 's/\(DCMAKE_INSTALL_PREFIX=_install\)/\1 -DBUILD_TESTS=ON/' .travis.yml
ubuntu@Ubuntu-GUI:~/KhotAbuch/workspace/projects/lab05$ gsed -i '/cmake --build _build --target install/a\
- cmake --build _build --target test -- ARGS=--verbose
> ' .travis.yml
ubuntu@Ubuntu-GUI:~/KhotAbuch/workspace/projects/lab05$ travis lint
Ignoring debug-1.6.3 because its extensions are not built. Try: gem pristine debug --version 1.6.3
Ignoring executable-hooks-1.7.1 because its extensions are not built. Try: gem pristine executable-hooks --version 1.7.1
Ignoring gem-wrappers-1.4.0 because its extensions are not built. Try: gem pristine gem-wrappers --version 1.4.0
Ignoring rbs-2.7.0 because its extensions are not built. Try: gem pristine rbs --version 2.7.0
.travis.yml is not valid YAML: (<unknown>): did not find expected key while parsing a block mapping at line 1 column 1
ubuntu@Ubuntu-GUI:~/KhotAbuch/workspace/projects/lab05$ cat > .travis.yml <<'EOF'
language: cpp

compiler:
  - gcc
  - clang

script:
  - cmake -H. -B_build -DCMAKE_INSTALL_PREFIX=_install -DBUILD_TESTS=ON
  - cmake --build _build
  - cmake --build _build --target install
  - cmake --build _build --target test -- ARGS=--verbose

addons:
  apt:
    packages:
      - cmake
      - cmake-data
      - gcc
      - g++
      - clang
EOF
ubuntu@Ubuntu-GUI:~/KhotAbuch/workspace/projects/lab05$ yamllint .travis.yml
Command 'yamllint' not found, but can be installed with:
sudo apt install yamllint
ubuntu@Ubuntu-GUI:~/KhotAbuch/workspace/projects/lab05$ sudo apt install yamllint
Reading package lists... Done
Building dependency tree... Done
Reading state information... Done
The following packages were automatically installed and are no longer required:
  bridge-utils ubuntu-fan
Use 'sudo apt autoremove' to remove them.
The following additional packages will be installed:
  python3-pathspec
The following NEW packages will be installed:
  python3-pathspec yamllint
0 upgraded, 2 newly installed, 0 to remove and 117 not upgraded.
Need to get 71.6 kB of archives.
After this operation, 321 kB of additional disk space will be used.
Do you want to continue? [Y/n] н
Abort.
ubuntu@Ubuntu-GUI:~/KhotAbuch/workspace/projects/lab05$ sudo apt install yamllint
Reading package lists... Done
Building dependency tree... Done
Reading state information... Done
The following packages were automatically installed and are no longer required:
  bridge-utils ubuntu-fan
Use 'sudo apt autoremove' to remove them.
The following additional packages will be installed:
  python3-pathspec
The following NEW packages will be installed:
  python3-pathspec yamllint
0 upgraded, 2 newly installed, 0 to remove and 117 not upgraded.
Need to get 71.6 kB of archives.
After this operation, 321 kB of additional disk space will be used.
Do you want to continue? [Y/n] y
Get:1 http://ports.ubuntu.com/ubuntu-ports noble/universe arm64 python3-pathspec all 0.12.1-1 [24.5 kB]
Get:2 http://ports.ubuntu.com/ubuntu-ports noble/universe arm64 yamllint all 1.33.0-1 [47.2 kB]
Fetched 71.6 kB in 1s (106 kB/s)  
Selecting previously unselected package python3-pathspec.
(Reading database ... 236770 files and directories currently installed.)
Preparing to unpack .../python3-pathspec_0.12.1-1_all.deb ...
Unpacking python3-pathspec (0.12.1-1) ...
Selecting previously unselected package yamllint.
Preparing to unpack .../yamllint_1.33.0-1_all.deb ...
Unpacking yamllint (1.33.0-1) ...
Setting up python3-pathspec (0.12.1-1) ...
Setting up yamllint (1.33.0-1) ...
Processing triggers for man-db (2.12.0-4build2) ...
Scanning processes...                                                                                              
Scanning linux images...                                                                                           

Running kernel seems to be up-to-date.

No services need to be restarted.

No containers need to be restarted.

No user sessions are running outdated binaries.

No VM guests are running outdated hypervisor (qemu) binaries on this host.
ubuntu@Ubuntu-GUI:~/KhotAbuch/workspace/projects/lab05$ travis lint --pro 
Ignoring debug-1.6.3 because its extensions are not built. Try: gem pristine debug --version 1.6.3
Ignoring executable-hooks-1.7.1 because its extensions are not built. Try: gem pristine executable-hooks --version 1.7.1
Ignoring gem-wrappers-1.4.0 because its extensions are not built. Try: gem pristine gem-wrappers --version 1.4.0
Ignoring rbs-2.7.0 because its extensions are not built. Try: gem pristine rbs --version 2.7.0
Hooray, .travis.yml looks valid :)
ubuntu@Ubuntu-GUI:~/KhotAbuch/workspace/projects/lab05$ git add .travis.yml README.md
ubuntu@Ubuntu-GUI:~/KhotAbuch/workspace/projects/lab05$ git commit -m "Update CI configuration for lab05"
[main aaa73ef] Update CI configuration for lab05
 2 files changed, 12 insertions(+), 4 deletions(-)
ubuntu@Ubuntu-GUI:~/KhotAbuch/workspace/projects/lab05$ git status
On branch main
Changes not staged for commit:
  (use "git add <file>..." to update what will be committed)
  (use "git restore <file>..." to discard changes in working directory)
	modified:   CMakeLists.txt
	modified:   third-party/gtest (new commits)

Untracked files:
  (use "git add <file>..." to include in what will be committed)
	_build/
	file.txt
	include/
	sources/
	tests/

no changes added to commit (use "git add" and/or "git commit -a")
ubuntu@Ubuntu-GUI:~/KhotAbuch/workspace/projects/lab05$ git pull origin main
fatal: couldn't find remote ref main
ubuntu@Ubuntu-GUI:~/KhotAbuch/workspace/projects/lab05$ git add .
ubuntu@Ubuntu-GUI:~/KhotAbuch/workspace/projects/lab05$ git add .travis.yml
ubuntu@Ubuntu-GUI:~/KhotAbuch/workspace/projects/lab05$ git add tests
ubuntu@Ubuntu-GUI:~/KhotAbuch/workspace/projects/lab05$ git add -p
No changes.
ubuntu@Ubuntu-GUI:~/KhotAbuch/workspace/projects/lab05$ git commit -m"added tests"
[main 16d7c82] added tests
 166 files changed, 10366 insertions(+), 1 deletion(-)
 create mode 100644 _build/CMakeCache.txt
 create mode 100644 _build/CMakeFiles/3.28.3/CMakeCCompiler.cmake
 create mode 100644 _build/CMakeFiles/3.28.3/CMakeCXXCompiler.cmake
 create mode 100755 _build/CMakeFiles/3.28.3/CMakeDetermineCompilerABI_C.bin
 create mode 100755 _build/CMakeFiles/3.28.3/CMakeDetermineCompilerABI_CXX.bin
 create mode 100644 _build/CMakeFiles/3.28.3/CMakeSystem.cmake
 create mode 100644 _build/CMakeFiles/3.28.3/CompilerIdC/CMakeCCompilerId.c
 create mode 100755 _build/CMakeFiles/3.28.3/CompilerIdC/a.out
 create mode 100644 _build/CMakeFiles/3.28.3/CompilerIdCXX/CMakeCXXCompilerId.cpp
 create mode 100755 _build/CMakeFiles/3.28.3/CompilerIdCXX/a.out
 create mode 100644 _build/CMakeFiles/CMakeConfigureLog.yaml
 create mode 100644 _build/CMakeFiles/CMakeDirectoryInformation.cmake
 create mode 100644 _build/CMakeFiles/Export/272ceadb8458515b2ae4b5630a6029cc/print-config-noconfig.cmake
 create mode 100644 _build/CMakeFiles/Export/272ceadb8458515b2ae4b5630a6029cc/print-config.cmake
 create mode 100644 _build/CMakeFiles/Makefile.cmake
 create mode 100644 _build/CMakeFiles/Makefile2
 create mode 100644 _build/CMakeFiles/TargetDirectories.txt
 create mode 100644 _build/CMakeFiles/check.dir/DependInfo.cmake
 create mode 100644 _build/CMakeFiles/check.dir/build.make
 create mode 100644 _build/CMakeFiles/check.dir/cmake_clean.cmake
 create mode 100644 _build/CMakeFiles/check.dir/compiler_depend.make
 create mode 100644 _build/CMakeFiles/check.dir/compiler_depend.ts
 create mode 100644 _build/CMakeFiles/check.dir/depend.make
 create mode 100644 _build/CMakeFiles/check.dir/flags.make
 create mode 100644 _build/CMakeFiles/check.dir/link.txt
 create mode 100644 _build/CMakeFiles/check.dir/progress.make
 create mode 100644 _build/CMakeFiles/check.dir/tests/test1.cpp.o
 create mode 100644 _build/CMakeFiles/check.dir/tests/test1.cpp.o.d
 create mode 100644 _build/CMakeFiles/cmake.check_cache
 create mode 100644 _build/CMakeFiles/print.dir/DependInfo.cmake
 create mode 100644 _build/CMakeFiles/print.dir/build.make
 create mode 100644 _build/CMakeFiles/print.dir/cmake_clean.cmake
 create mode 100644 _build/CMakeFiles/print.dir/cmake_clean_target.cmake
 create mode 100644 _build/CMakeFiles/print.dir/compiler_depend.internal
 create mode 100644 _build/CMakeFiles/print.dir/compiler_depend.make
 create mode 100644 _build/CMakeFiles/print.dir/compiler_depend.ts
 create mode 100644 _build/CMakeFiles/print.dir/depend.make
 create mode 100644 _build/CMakeFiles/print.dir/flags.make
 create mode 100644 _build/CMakeFiles/print.dir/link.txt
 create mode 100644 _build/CMakeFiles/print.dir/progress.make
 create mode 100644 _build/CMakeFiles/print.dir/sources/print.cpp.o
 create mode 100644 _build/CMakeFiles/print.dir/sources/print.cpp.o.d
 create mode 100644 _build/CMakeFiles/progress.marks
 create mode 100644 _build/CTestTestfile.cmake
 create mode 100644 _build/Makefile
 create mode 100644 _build/Testing/Temporary/CTestCostData.txt
 create mode 100644 _build/Testing/Temporary/LastTest.log
 create mode 100755 _build/check
 create mode 100644 _build/cmake_install.cmake
 create mode 100644 _build/file.txt
 create mode 100644 _build/lib/libgmock.a
 create mode 100644 _build/lib/libgmock_main.a
 create mode 100644 _build/lib/libgtest.a
 create mode 100644 _build/lib/libgtest_main.a
 create mode 100644 _build/libprint.a
 create mode 100644 _build/third-party/gtest/CMakeFiles/CMakeDirectoryInformation.cmake
 create mode 100644 _build/third-party/gtest/CMakeFiles/progress.marks
 create mode 100644 _build/third-party/gtest/CTestTestfile.cmake
 create mode 100644 _build/third-party/gtest/Makefile
 create mode 100644 _build/third-party/gtest/cmake_install.cmake
 create mode 100644 _build/third-party/gtest/googlemock/CMakeFiles/CMakeDirectoryInformation.cmake
 create mode 100644 _build/third-party/gtest/googlemock/CMakeFiles/gmock.dir/DependInfo.cmake
 create mode 100644 _build/third-party/gtest/googlemock/CMakeFiles/gmock.dir/build.make
 create mode 100644 _build/third-party/gtest/googlemock/CMakeFiles/gmock.dir/cmake_clean.cmake
 create mode 100644 _build/third-party/gtest/googlemock/CMakeFiles/gmock.dir/cmake_clean_target.cmake
 create mode 100644 _build/third-party/gtest/googlemock/CMakeFiles/gmock.dir/compiler_depend.make
 create mode 100644 _build/third-party/gtest/googlemock/CMakeFiles/gmock.dir/compiler_depend.ts
 create mode 100644 _build/third-party/gtest/googlemock/CMakeFiles/gmock.dir/depend.make
 create mode 100644 _build/third-party/gtest/googlemock/CMakeFiles/gmock.dir/flags.make
 create mode 100644 _build/third-party/gtest/googlemock/CMakeFiles/gmock.dir/link.txt
 create mode 100644 _build/third-party/gtest/googlemock/CMakeFiles/gmock.dir/progress.make
 create mode 100644 _build/third-party/gtest/googlemock/CMakeFiles/gmock.dir/src/gmock-all.cc.o
 create mode 100644 _build/third-party/gtest/googlemock/CMakeFiles/gmock.dir/src/gmock-all.cc.o.d
 create mode 100644 _build/third-party/gtest/googlemock/CMakeFiles/gmock_main.dir/DependInfo.cmake
 create mode 100644 _build/third-party/gtest/googlemock/CMakeFiles/gmock_main.dir/build.make
 create mode 100644 _build/third-party/gtest/googlemock/CMakeFiles/gmock_main.dir/cmake_clean.cmake
 create mode 100644 _build/third-party/gtest/googlemock/CMakeFiles/gmock_main.dir/cmake_clean_target.cmake
 create mode 100644 _build/third-party/gtest/googlemock/CMakeFiles/gmock_main.dir/compiler_depend.make
 create mode 100644 _build/third-party/gtest/googlemock/CMakeFiles/gmock_main.dir/compiler_depend.ts
 create mode 100644 _build/third-party/gtest/googlemock/CMakeFiles/gmock_main.dir/depend.make
 create mode 100644 _build/third-party/gtest/googlemock/CMakeFiles/gmock_main.dir/flags.make
 create mode 100644 _build/third-party/gtest/googlemock/CMakeFiles/gmock_main.dir/link.txt
 create mode 100644 _build/third-party/gtest/googlemock/CMakeFiles/gmock_main.dir/progress.make
 create mode 100644 _build/third-party/gtest/googlemock/CMakeFiles/gmock_main.dir/src/gmock_main.cc.o
 create mode 100644 _build/third-party/gtest/googlemock/CMakeFiles/gmock_main.dir/src/gmock_main.cc.o.d
 create mode 100644 _build/third-party/gtest/googlemock/CMakeFiles/progress.marks
 create mode 100644 _build/third-party/gtest/googlemock/CTestTestfile.cmake
 create mode 100644 _build/third-party/gtest/googlemock/Makefile
 create mode 100644 _build/third-party/gtest/googlemock/cmake_install.cmake
 create mode 100644 _build/third-party/gtest/googlemock/gtest/CMakeFiles/CMakeDirectoryInformation.cmake
 create mode 100644 _build/third-party/gtest/googlemock/gtest/CMakeFiles/Export/0c08b8e77dd885bfe55a19a9659d9fc1/GTestTargets-noconfig.cmake
 create mode 100644 _build/third-party/gtest/googlemock/gtest/CMakeFiles/Export/0c08b8e77dd885bfe55a19a9659d9fc1/GTestTargets.cmake
 create mode 100644 _build/third-party/gtest/googlemock/gtest/CMakeFiles/gtest.dir/DependInfo.cmake
 create mode 100644 _build/third-party/gtest/googlemock/gtest/CMakeFiles/gtest.dir/build.make
 create mode 100644 _build/third-party/gtest/googlemock/gtest/CMakeFiles/gtest.dir/cmake_clean.cmake
 create mode 100644 _build/third-party/gtest/googlemock/gtest/CMakeFiles/gtest.dir/cmake_clean_target.cmake
 create mode 100644 _build/third-party/gtest/googlemock/gtest/CMakeFiles/gtest.dir/compiler_depend.make
 create mode 100644 _build/third-party/gtest/googlemock/gtest/CMakeFiles/gtest.dir/compiler_depend.ts
 create mode 100644 _build/third-party/gtest/googlemock/gtest/CMakeFiles/gtest.dir/depend.make
 create mode 100644 _build/third-party/gtest/googlemock/gtest/CMakeFiles/gtest.dir/flags.make
 create mode 100644 _build/third-party/gtest/googlemock/gtest/CMakeFiles/gtest.dir/link.txt
 create mode 100644 _build/third-party/gtest/googlemock/gtest/CMakeFiles/gtest.dir/progress.make
 create mode 100644 _build/third-party/gtest/googlemock/gtest/CMakeFiles/gtest.dir/src/gtest-all.cc.o.d
 create mode 100644 _build/third-party/gtest/googlemock/gtest/CMakeFiles/gtest_main.dir/DependInfo.cmake
 create mode 100644 _build/third-party/gtest/googlemock/gtest/CMakeFiles/gtest_main.dir/build.make
 create mode 100644 _build/third-party/gtest/googlemock/gtest/CMakeFiles/gtest_main.dir/cmake_clean.cmake
 create mode 100644 _build/third-party/gtest/googlemock/gtest/CMakeFiles/gtest_main.dir/cmake_clean_target.cmake
 create mode 100644 _build/third-party/gtest/googlemock/gtest/CMakeFiles/gtest_main.dir/compiler_depend.make
 create mode 100644 _build/third-party/gtest/googlemock/gtest/CMakeFiles/gtest_main.dir/compiler_depend.ts
 create mode 100644 _build/third-party/gtest/googlemock/gtest/CMakeFiles/gtest_main.dir/depend.make
 create mode 100644 _build/third-party/gtest/googlemock/gtest/CMakeFiles/gtest_main.dir/flags.make
 create mode 100644 _build/third-party/gtest/googlemock/gtest/CMakeFiles/gtest_main.dir/link.txt
 create mode 100644 _build/third-party/gtest/googlemock/gtest/CMakeFiles/gtest_main.dir/progress.make
 create mode 100644 _build/third-party/gtest/googlemock/gtest/CMakeFiles/progress.marks
 create mode 100644 _build/third-party/gtest/googlemock/gtest/CTestTestfile.cmake
 create mode 100644 _build/third-party/gtest/googlemock/gtest/Makefile
 create mode 100644 _build/third-party/gtest/googlemock/gtest/cmake_install.cmake
 create mode 100644 _build/third-party/gtest/googlemock/gtest/generated/GTestConfig.cmake
 create mode 100644 _build/third-party/gtest/googlemock/gtest/generated/GTestConfigVersion.cmake
 create mode 100644 _build/third-party/gtest/googlemock/gtest/generated/gmock.pc
 create mode 100644 _build/third-party/gtest/googlemock/gtest/generated/gmock_main.pc
 create mode 100644 _build/third-party/gtest/googlemock/gtest/generated/gtest.pc
 create mode 100644 _build/third-party/gtest/googlemock/gtest/generated/gtest_main.pc
 create mode 100644 _build/third-party/gtest/googletest/CMakeFiles/CMakeDirectoryInformation.cmake
 create mode 100644 _build/third-party/gtest/googletest/CMakeFiles/Export/0c08b8e77dd885bfe55a19a9659d9fc1/GTestTargets-noconfig.cmake
 create mode 100644 _build/third-party/gtest/googletest/CMakeFiles/Export/0c08b8e77dd885bfe55a19a9659d9fc1/GTestTargets.cmake
 create mode 100644 _build/third-party/gtest/googletest/CMakeFiles/gtest.dir/DependInfo.cmake
 create mode 100644 _build/third-party/gtest/googletest/CMakeFiles/gtest.dir/build.make
 create mode 100644 _build/third-party/gtest/googletest/CMakeFiles/gtest.dir/cmake_clean.cmake
 create mode 100644 _build/third-party/gtest/googletest/CMakeFiles/gtest.dir/cmake_clean_target.cmake
 create mode 100644 _build/third-party/gtest/googletest/CMakeFiles/gtest.dir/compiler_depend.make
 create mode 100644 _build/third-party/gtest/googletest/CMakeFiles/gtest.dir/compiler_depend.ts
 create mode 100644 _build/third-party/gtest/googletest/CMakeFiles/gtest.dir/depend.make
 create mode 100644 _build/third-party/gtest/googletest/CMakeFiles/gtest.dir/flags.make
 create mode 100644 _build/third-party/gtest/googletest/CMakeFiles/gtest.dir/link.txt
 create mode 100644 _build/third-party/gtest/googletest/CMakeFiles/gtest.dir/progress.make
 create mode 100644 _build/third-party/gtest/googletest/CMakeFiles/gtest.dir/src/gtest-all.cc.o
 create mode 100644 _build/third-party/gtest/googletest/CMakeFiles/gtest.dir/src/gtest-all.cc.o.d
 create mode 100644 _build/third-party/gtest/googletest/CMakeFiles/gtest_main.dir/DependInfo.cmake
 create mode 100644 _build/third-party/gtest/googletest/CMakeFiles/gtest_main.dir/build.make
 create mode 100644 _build/third-party/gtest/googletest/CMakeFiles/gtest_main.dir/cmake_clean.cmake
 create mode 100644 _build/third-party/gtest/googletest/CMakeFiles/gtest_main.dir/cmake_clean_target.cmake
 create mode 100644 _build/third-party/gtest/googletest/CMakeFiles/gtest_main.dir/compiler_depend.make
 create mode 100644 _build/third-party/gtest/googletest/CMakeFiles/gtest_main.dir/compiler_depend.ts
 create mode 100644 _build/third-party/gtest/googletest/CMakeFiles/gtest_main.dir/depend.make
 create mode 100644 _build/third-party/gtest/googletest/CMakeFiles/gtest_main.dir/flags.make
 create mode 100644 _build/third-party/gtest/googletest/CMakeFiles/gtest_main.dir/link.txt
 create mode 100644 _build/third-party/gtest/googletest/CMakeFiles/gtest_main.dir/progress.make
 create mode 100644 _build/third-party/gtest/googletest/CMakeFiles/gtest_main.dir/src/gtest_main.cc.o
 create mode 100644 _build/third-party/gtest/googletest/CMakeFiles/gtest_main.dir/src/gtest_main.cc.o.d
 create mode 100644 _build/third-party/gtest/googletest/CMakeFiles/progress.marks
 create mode 100644 _build/third-party/gtest/googletest/CTestTestfile.cmake
 create mode 100644 _build/third-party/gtest/googletest/Makefile
 create mode 100644 _build/third-party/gtest/googletest/cmake_install.cmake
 create mode 100644 _build/third-party/gtest/googletest/generated/GTestConfig.cmake
 create mode 100644 _build/third-party/gtest/googletest/generated/GTestConfigVersion.cmake
 create mode 100644 _build/third-party/gtest/googletest/generated/gmock.pc
 create mode 100644 _build/third-party/gtest/googletest/generated/gmock_main.pc
 create mode 100644 _build/third-party/gtest/googletest/generated/gtest.pc
 create mode 100644 _build/third-party/gtest/googletest/generated/gtest_main.pc
 create mode 100644 file.txt
 create mode 100644 include/print.hpp
 create mode 100644 sources/print.cpp
 create mode 100644 tests/test1.cpp
ubuntu@Ubuntu-GUI:~/KhotAbuch/workspace/projects/lab05$ git push origin maшт
error: src refspec maшт does not match any
error: failed to push some refs to 'https://github.com/KhotAbuch/lab05'
ubuntu@Ubuntu-GUI:~/KhotAbuch/workspace/projects/lab05$ git push origin main
Username for 'https://github.com': KhotAbuch
Password for 'https://KhotAbuch@github.com': 
Enumerating objects: 232, done.
Counting objects: 100% (232/232), done.
Delta compression using up to 4 threads
Compressing objects: 100% (202/202), done.
Writing objects: 100% (232/232), 996.37 KiB | 7.55 MiB/s, done.
Total 232 (delta 83), reused 26 (delta 6), pack-reused 0
remote: Resolving deltas: 100% (83/83), done.
To https://github.com/KhotAbuch/lab05
 * [new branch]      main -> main
ubuntu@Ubuntu-GUI:~/KhotAbuch/workspace/projects/lab05$ travis login --auto
Ignoring debug-1.6.3 because its extensions are not built. Try: gem pristine debug --version 1.6.3
Ignoring executable-hooks-1.7.1 because its extensions are not built. Try: gem pristine executable-hooks --version 1.7.1
Ignoring gem-wrappers-1.4.0 because its extensions are not built. Try: gem pristine gem-wrappers --version 1.4.0
Ignoring rbs-2.7.0 because its extensions are not built. Try: gem pristine rbs --version 2.7.0
Successfully logged in as KhotAbuch!
ubuntu@Ubuntu-GUI:~/KhotAbuch/workspace/projects/lab05$ travis enable
Ignoring debug-1.6.3 because its extensions are not built. Try: gem pristine debug --version 1.6.3
Ignoring executable-hooks-1.7.1 because its extensions are not built. Try: gem pristine executable-hooks --version 1.7.1
Ignoring gem-wrappers-1.4.0 because its extensions are not built. Try: gem pristine gem-wrappers --version 1.4.0
Ignoring rbs-2.7.0 because its extensions are not built. Try: gem pristine rbs --version 2.7.0
Detected repository as KhotAbuch/lab05, is this correct? |yes| y
KhotAbuch/lab05: enabled :)
